2026-08-14 11:57:56,414 [INFO] ETL_Pipeline: ==================================================
2026-08-14 11:57:56,415 [INFO] ETL_Pipeline: STARTING NBA SPATIAL EFFICIENCY & EV ETL PIPELINE
2026-08-14 11:57:56,415 [INFO] ETL_Pipeline: ==================================================
2026-08-14 11:57:56,415 [INFO] ETL_Pipeline: --- Step 1: Raw Shot Data Ingestion ---
2026-08-14 11:57:56,415 [INFO] src.ingestion: Starting fresh raw shot extraction from NBA Stats API...
2026-08-14 11:57:56,416 [INFO] src.ingestion: Resolved team abbreviation 'GSW' to Team ID: 1610612744
2026-08-14 11:57:56,416 [INFO] src.ingestion: Fetching team roster for Season 2021-22...
2026-08-14 11:57:58,241 [INFO] src.ingestion: Retrieved 17 players on roster.
2026-08-14 11:57:58,249 [INFO] src.ingestion: Fetching shot data for Gary Payton II (ID: 1627780)...
2026-08-14 11:57:59,362 [INFO] src.ingestion: Successfully retrieved 344 shots for Gary Payton II.
2026-08-14 11:58:00,362 [INFO] src.ingestion: Fetching shot data for Jonathan Kuminga (ID: 1630228)...
2026-08-14 11:58:01,497 [INFO] src.ingestion: Successfully retrieved 460 shots for Jonathan Kuminga.
2026-08-14 11:58:02,498 [INFO] src.ingestion: Fetching shot data for Damion Lee (ID: 1627814)...
2026-08-14 11:58:03,406 [INFO] src.ingestion: Successfully retrieved 383 shots for Damion Lee.
2026-08-14 11:58:04,407 [INFO] src.ingestion: Fetching shot data for Chris Chiozza (ID: 1629185)...
2026-08-14 11:58:05,230 [INFO] src.ingestion: Successfully retrieved 81 shots for Chris Chiozza.
2026-08-14 11:58:06,231 [INFO] src.ingestion: Fetching shot data for Jordan Poole (ID: 1629673)...
2026-08-14 11:58:07,375 [INFO] src.ingestion: Successfully retrieved 1058 shots for Jordan Poole.
2026-08-14 11:58:08,376 [INFO] src.ingestion: Fetching shot data for Moses Moody (ID: 1630541)...
2026-08-14 11:58:09,237 [INFO] src.ingestion: Successfully retrieved 183 shots for Moses Moody.
2026-08-14 11:58:10,238 [INFO] src.ingestion: Fetching shot data for Kevon Looney (ID: 1626172)...
2026-08-14 11:58:11,069 [INFO] src.ingestion: Successfully retrieved 364 shots for Kevon Looney.
2026-08-14 11:58:12,069 [INFO] src.ingestion: Fetching shot data for Nemanja Bjelica (ID: 202357)...
2026-08-14 11:58:13,048 [INFO] src.ingestion: Successfully retrieved 342 shots for Nemanja Bjelica.
2026-08-14 11:58:14,048 [INFO] src.ingestion: Fetching shot data for Andre Iguodala (ID: 2738)...
2026-08-14 11:58:14,891 [INFO] src.ingestion: Successfully retrieved 121 shots for Andre Iguodala.
2026-08-14 11:58:15,892 [INFO] src.ingestion: Fetching shot data for Klay Thompson (ID: 202691)...
2026-08-14 11:58:17,128 [INFO] src.ingestion: Successfully retrieved 573 shots for Klay Thompson.
2026-08-14 11:58:18,129 [INFO] src.ingestion: Fetching shot data for Quinndary Weatherspoon (ID: 1629683)...
2026-08-14 11:58:18,883 [INFO] src.ingestion: Successfully retrieved 21 shots for Quinndary Weatherspoon.
2026-08-14 11:58:19,883 [INFO] src.ingestion: Fetching shot data for Andrew Wiggins (ID: 203952)...
2026-08-14 11:58:20,994 [INFO] src.ingestion: Successfully retrieved 1019 shots for Andrew Wiggins.
2026-08-14 11:58:21,995 [INFO] src.ingestion: Fetching shot data for Draymond Green (ID: 203110)...
2026-08-14 11:58:22,929 [INFO] src.ingestion: Successfully retrieved 257 shots for Draymond Green.
2026-08-14 11:58:23,931 [INFO] src.ingestion: Fetching shot data for Stephen Curry (ID: 201939)...
2026-08-14 11:58:25,030 [INFO] src.ingestion: Successfully retrieved 1224 shots for Stephen Curry.
2026-08-14 11:58:26,033 [INFO] src.ingestion: Fetching shot data for Otto Porter Jr. (ID: 203490)...
2026-08-14 11:58:26,871 [INFO] src.ingestion: Successfully retrieved 416 shots for Otto Porter Jr..
2026-08-14 11:58:27,873 [INFO] src.ingestion: Fetching shot data for James Wiseman (ID: 1630164)...
2026-08-14 11:58:28,587 [INFO] src.ingestion: Successfully retrieved 0 shots for James Wiseman.
2026-08-14 11:58:29,588 [INFO] src.ingestion: Fetching shot data for Juan Toscano-Anderson (ID: 1629308)...
2026-08-14 11:58:30,458 [INFO] src.ingestion: Successfully retrieved 235 shots for Juan Toscano-Anderson.
2026-08-14 11:58:31,557 [INFO] src.ingestion: Raw dataset exported successfully to D:\projects\NBA Spatial Efficiency Analysis\data\raw\GSW_2022_Roster_Shots.csv (7081 rows).
2026-08-14 11:58:31,562 [INFO] ETL_Pipeline: --- Step 2: Spatial Feature Engineering & EV Modeling ---
2026-08-14 11:58:31,565 [INFO] src.processing: Processing spatial features and Expected Value metrics...
2026-08-14 11:58:31,650 [INFO] src.processing: Spatial feature engineering complete.
2026-08-14 11:58:31,652 [INFO] ETL_Pipeline: --- Step 3: Exporting Power BI Star-Schema Datasets ---
2026-08-14 11:58:31,652 [INFO] src.processing: Generating Dim_Player dimension table...
2026-08-14 11:58:31,684 [INFO] src.processing: Generating Dim_Shot_Zone dimension table...
2026-08-14 11:58:31,816 [INFO] src.processing: Fact_Shots saved to D:\projects\NBA Spatial Efficiency Analysis\data\processed\Fact_Shots.csv (7081 rows)
2026-08-14 11:58:31,816 [INFO] src.processing: Dim_Player saved to D:\projects\NBA Spatial Efficiency Analysis\data\processed\Dim_Player.csv (16 rows)
2026-08-14 11:58:31,816 [INFO] src.processing: Dim_Shot_Zone saved to D:\projects\NBA Spatial Efficiency Analysis\data\processed\Dim_Shot_Zone.csv (15 rows)
2026-08-14 11:58:31,816 [INFO] ETL_Pipeline: ==================================================
2026-08-14 11:58:31,817 [INFO] ETL_Pipeline: ETL PIPELINE COMPLETED SUCCESSFULLY!
2026-08-14 11:58:31,817 [INFO] ETL_Pipeline: ==================================================
2026-08-14 11:58:31,817 [INFO] ETL_Pipeline: Fact Shots Processed: 7081 records
2026-08-14 11:58:31,817 [INFO] ETL_Pipeline: Dim Players Processed: 16 records
2026-08-14 11:58:31,817 [INFO] ETL_Pipeline: Dim Shot Zones Processed: 15 zones
